// Jest Snapshot v1, https://goo.gl/fbAQLP

exports[`<ItemCard> renders correctly 1`] = `ShallowWrapper {}`;
