// Jest Snapshot v1, https://goo.gl/fbAQLP

exports[`<MenuPreview> renders correctly 1`] = `ShallowWrapper {}`;
